%!Adobe-FontList 1.16
%Locale:0x409

%BeginFont
Handler:DirectoryHandler
FontType:Type1
FontName:ChaparralPro-Bold
FamilyName:Chaparral Pro
StyleName:Bold
MenuName:Chaparral Pro
StyleBits:2
WeightClass:700
WidthClass:5
AngleClass:0
FullName:Chaparral Pro Bold
WritingScript:Roman
OutlineFileName:\ChaparralPro-Bold.otf
DataFormat:sfntData
UsesStandardEncoding:yes
isCFF:yes
FileLength:126008
FileModTime:1398156851
DesignSize:110
NameArray:0,Mac,4,Chaparral Pro Bold
NameArray:0,Win,1,Chaparral Pro
%EndFont

%BeginFont
Handler:DirectoryHandler
FontType:Type1
FontName:ChaparralPro-Italic
FamilyName:Chaparral Pro
StyleName:Italic
MenuName:Chaparral Pro
StyleBits:1
WeightClass:400
WidthClass:5
AngleClass:1
FullName:Chaparral Pro Italic
WritingScript:Roman
OutlineFileName:\ChaparralPro-Italic.otf
DataFormat:sfntData
UsesStandardEncoding:yes
isCFF:yes
FileLength:128628
FileModTime:1398156851
DesignSize:110
NameArray:0,Mac,18,Chaparral Pro Ital
NameArray:0,Mac,4,Chaparral Pro Italic
NameArray:0,Win,1,Chaparral Pro
%EndFont

%BeginFont
Handler:DirectoryHandler
FontType:Type1
FontName:ChaparralPro-Regular
FamilyName:Chaparral Pro
StyleName:Regular
MenuName:Chaparral Pro
StyleBits:0
WeightClass:400
WidthClass:5
AngleClass:0
FullName:Chaparral Pro
WritingScript:Roman
OutlineFileName:\ChaparralPro-Regular.otf
DataFormat:sfntData
UsesStandardEncoding:yes
isCFF:yes
FileLength:127864
FileModTime:1398156851
DesignSize:110
NameArray:0,Mac,4,Chaparral Pro
NameArray:0,Win,1,Chaparral Pro
%EndFont

%BeginFont
Handler:DirectoryHandler
FontType:Type1
FontName:LetterGothicStd-Bold
FamilyName:Letter Gothic Std
StyleName:Bold
MenuName:Letter Gothic Std
StyleBits:2
WeightClass:700
WidthClass:5
AngleClass:0
FullName:Letter Gothic Std Bold
WritingScript:Roman
OutlineFileName:\LetterGothicStd-Bold.otf
DataFormat:sfntData
UsesStandardEncoding:yes
isCFF:yes
FileLength:34276
FileModTime:1407363889
DesignSize:120
NameArray:0,Mac,4,Letter Gothic Std Bold
NameArray:0,Win,1,Letter Gothic Std
%EndFont

%BeginFont
Handler:DirectoryHandler
FontType:Type1
FontName:LetterGothicStd-BoldSlanted
FamilyName:Letter Gothic Std
StyleName:Bold Slanted
MenuName:Letter Gothic Std
StyleBits:3
WeightClass:700
WidthClass:5
AngleClass:1
FullName:Letter Gothic Std Bold Slanted
WritingScript:Roman
OutlineFileName:\LetterGothicStd-BoldSlanted.otf
DataFormat:sfntData
UsesStandardEncoding:yes
isCFF:yes
FileLength:35936
FileModTime:1407363889
DesignSize:120
NameArray:0,Mac,4,Letter Gothic Std Bold Slanted
NameArray:0,Win,1,Letter Gothic Std
%EndFont

%BeginFont
Handler:DirectoryHandler
FontType:Type1
FontName:MyriadPro-Bold
FamilyName:Myriad Pro
StyleName:Bold
MenuName:Myriad Pro
StyleBits:2
WeightClass:700
WidthClass:5
AngleClass:0
FullName:Myriad Pro Bold
WritingScript:Roman
OutlineFileName:\MyriadPro-Bold.otf
DataFormat:sfntData
UsesStandardEncoding:yes
isCFF:yes
FileLength:97124
FileModTime:1407363889
DesignSize:110
NameArray:0,Mac,4,Myriad Pro Bold
NameArray:0,Win,1,Myriad Pro
%EndFont

